<html>
<body>
<pre>
<h1>µVision Build Log</h1>
<h2>Project:</h2>
C:\Users\Tyler Ta\Desktop\Keil_Ta\EE319Kware\Prairie-King\SpaceInvaders.uvproj
Project File Date:  11/28/2017

<h2>Output:</h2>
Rebuild target 'SpaceInvaders'
assembling startup.s...
assembling random.s...
compiling DAC.c...
compiling ADC.c...
compiling Timer0.c...
compiling Timer1.c...
compiling Sound.c...
DAC.h(4): warning:  #1-D: last line of file ends without a newline
  void DAC_Out(uint32_t data);
Sound.c: 1 warning, 0 errors
assembling LCD.s...
assembling Print.s...
compiling SpaceInvaders.c...
compiling ST7735.c...
compiling PLL.c...
linking...
Program Size: Code=3136 RO-data=87588 RW-data=64 ZI-data=1192  
".\SpaceInvaders.axf" - 0 Error(s), 1 Warning(s).
</pre>
</body>
</html>
